// Jest Snapshot v1, https://goo.gl/fbAQLP

exports[`<Main /> should render the heading 1`] = `
.c0 {
  background-color: #0d1821;
  color: #d8dbe2;
  width: 100%;
  height: 100%;
  padding: 3rem;
  display: flex;
  flex-direction: column;
  text-align: center;
  align-items: center;
  justify-content: center;
}

.c1 {
  width: 55rem;
  margin-bottom: 2rem;
}

.c2 {
  font-size: 2.5rem;
}

.c3 {
  font-size: 2rem;
  font-weight: 400;
}

<main
  class="c0"
>
  <img
    alt="Imagem de um uma fumaça e Purple Smoke escrito em baixo"
    class="c1"
    src="/img/purple_smoke.svg"
  />
  <h1
    class="c2"
  >
    React Avançado
  </h1>
  <h2
    class="c3"
  >
    Typescript, ReactJS, NextJS and Styled Components
  </h2>
</main>
`
